Microchip MPLAB XC8 Compiler V1.45 ()

Linker command line:

--edf=C:\Program Files\Microchip\xc8\v1.45\dat\en_msgs.txt -cs \
  -h+dist/default/production\Manager_key3.X.production.sym \
  --cmf=dist/default/production\Manager_key3.X.production.cmf -z -Q18F14K22 \
  -oC:\Users\KOPRAN~1\AppData\Local\Temp\s2ho.2 \
  -Mdist/default/production/Manager_key3.X.production.map -E1 -ver=XC8 \
  -ASTACK=060h-01ffh -pstack=STACK -ACODE=00h-03FFFh -ACONST=00h-03FFFh \
  -ASMALLCONST=0200h-02FFhx62 -AMEDIUMCONST=0200h-03FFFh -ACOMRAM=01h-05Fh \
  -AABS1=00h-01FFh -ABIGRAM=01h-01FFh -ARAM=060h-0FFh,0100h-01FFh \
  -ABANK0=060h-0FFh -ABANK1=0100h-01FFh -ASFR=0F60h-0FFFh \
  -preset_vec=00h,intcode=08h,intcodelo,powerup,init -pramtop=0200h \
  -psmallconst=SMALLCONST -pmediumconst=MEDIUMCONST -pconst=CONST \
  -AFARRAM=00h-00h -ACONFIG=0300000h-030000Dh -pconfig=CONFIG \
  -AIDLOC=0200000h-0200007h -pidloc=IDLOC -AEEDATA=0F00000h-0F000FFh \
  -peeprom_data=EEDATA \
  -prdata=COMRAM,nvrram=COMRAM,nvbit=COMRAM,rbss=COMRAM,rbit=COMRAM \
  -pfarbss=FARRAM,fardata=FARRAM,nvFARRAM=FARRAM \
  -pintsave_regs=BIGRAM,bigbss=BIGRAM,bigdata=BIGRAM -pbss=RAM \
  -pidata=CODE,irdata=CODE,ibigdata=CODE,ifardata=CODE -prparam=COMRAM \
  C:\Users\KOPRAN~1\AppData\Local\Temp\s2ho.obj \
  dist/default/production\Manager_key3.X.production.obj 

Object code version is 3.11

Machine type is 18F14K22

Call graph: (short form)




                Name                               Link     Load   Length Selector   Space Scale
C:\Users\KOPRAN~1\AppData\Local\Temp\s2ho.obj
                init                                10C      10C        4        4       0
                reset_vec                             0        0        4        0       0
                idloc                            200000   200000        8   200000       0
                config                           300000   300000        E   300000       0
dist/default/production\Manager_key3.X.production.obj
                intcode                               8        8      104        4       0
                temp                                 28       28        1        1       1
                text0                               140      140        2        4       0
                cstackCOMRAM                          1        1       17        1       1
                dataCOMRAM                           26       26        2        1       1
                bssCOMRAM                            18       18        E        1       1
                cinit                               110      110       2E        4       0
                idataCOMRAM                         13E      13E        2        4       0

TOTAL           Name                               Link     Load   Length     Space
        CLASS   STACK          

        CLASS   CODE           
                intcode                               8        8      104         0
                init                                10C      10C        4         0
                reset_vec                             0        0        4         0
                text0                               140      140        2         0
                cinit                               110      110       2E         0
                idataCOMRAM                         13E      13E        2         0

        CLASS   CONST          

        CLASS   SMALLCONST     

        CLASS   MEDIUMCONST    

        CLASS   COMRAM         
                temp                                 28       28        1         1
                cstackCOMRAM                          1        1       17         1
                dataCOMRAM                           26       26        2         1
                bssCOMRAM                            18       18        E         1

        CLASS   ABS1           

        CLASS   BIGRAM         

        CLASS   RAM            

        CLASS   BANK0          

        CLASS   BANK1          

        CLASS   SFR            

        CLASS   FARRAM         

        CLASS   CONFIG         
                config                           300000   300000        E         0

        CLASS   IDLOC          
                idloc                            200000   200000        8         0

        CLASS   EEDATA         



SEGMENTS        Name                           Load    Length   Top    Selector   Space  Class

                reset_vec                      000000  000004  000004         0       0  CODE    
                cstackCOMRAM                   000001  000028  000029         1       1  COMRAM  
                intcode                        000008  00013A  000142         4       0  CODE    
                idloc                          200000  000008  200008    200000       0  IDLOC   
                config                         300000  00000E  30000E    300000       0  CONFIG  


UNUSED ADDRESS RANGES

        Name                Unused          Largest block    Delta
        BANK0            000060-0000FF               A0
        BANK1            000100-0001FF              100
        BIGRAM           000029-0001FF              1D7
        CODE             000004-000007                4
                         000142-003FFF             3EBE
        COMRAM           000029-00005F               37
        CONST            000004-000007                4
                         000142-003FFF             3EBE
        EEDATA           F00000-F000FF              100
        MEDIUMCONST      000200-003FFF             3E00
        RAM              000060-0001FF               A0
        SFR              000F60-000FFF               A0
        SMALLCONST       000200-003FFF              100
        STACK            000060-0001FF              1A0

                                  Symbol Table

_ADCON0bits              (abs)        000FC2
_ADCON1bits              (abs)        000FC1
_ADCON2bits              (abs)        000FC0
_ADRES                   (abs)        000FC3
_ANSELHbits              (abs)        000F7F
_ANSELbits               (abs)        000F7E
_BAUDCONbits             (abs)        000FB8
_INTCONbits              (abs)        000FF2
_PIE1bits                (abs)        000F9D
_PIR1bits                (abs)        000F9E
_PORTAbits               (abs)        000F80
_PORTCbits               (abs)        000F82
_RCREG1                  (abs)        000FAE
_RCSTAbits               (abs)        000FAB
_SPBRG                   (abs)        000FAF
_SSPBUF                  (abs)        000FC9
_SSPCON1bits             (abs)        000FC6
_SSPIF                   (abs)        007CF3
_SSPSTATbits             (abs)        000FC7
_TRISAbits               (abs)        000F92
_TRISBbits               (abs)        000F93
_TRISCbits               (abs)        000F94
_TXREG1                  (abs)        000FAD
_TXSTAbits               (abs)        000FAC
__CFG_BBSIZ$OFF          (abs)        000000
__CFG_BOREN$SBORDIS      (abs)        000000
__CFG_BORV$27            (abs)        000000
__CFG_CP0$OFF            (abs)        000000
__CFG_CP1$OFF            (abs)        000000
__CFG_CPB$OFF            (abs)        000000
__CFG_CPD$ON             (abs)        000000
__CFG_EBTR0$OFF          (abs)        000000
__CFG_EBTR1$OFF          (abs)        000000
__CFG_EBTRB$OFF          (abs)        000000
__CFG_FCMEN$OFF          (abs)        000000
__CFG_FOSC$IRC           (abs)        000000
__CFG_HFOFST$ON          (abs)        000000
__CFG_IESO$OFF           (abs)        000000
__CFG_LVP$OFF            (abs)        000000
__CFG_MCLRE$ON           (abs)        000000
__CFG_PCLKEN$ON          (abs)        000000
__CFG_PLLEN$OFF          (abs)        000000
__CFG_PWRTEN$ON          (abs)        000000
__CFG_STVREN$ON          (abs)        000000
__CFG_WDTEN$OFF          (abs)        000000
__CFG_WDTPS$32768        (abs)        000000
__CFG_WRT0$OFF           (abs)        000000
__CFG_WRT1$OFF           (abs)        000000
__CFG_WRTB$OFF           (abs)        000000
__CFG_WRTC$OFF           (abs)        000000
__CFG_WRTD$OFF           (abs)        000000
__CFG_XINST$OFF          (abs)        000000
__HRAM                   (abs)        000000
__Habs1                  abs1         000000
__Hbank0                 bank0        000000
__Hbank1                 bank1        000000
__Hbigbss                bigbss       000000
__Hbigdata               bigdata      000000
__Hbigram                bigram       000000
__Hbss                   bss          000000
__HbssCOMRAM             bssCOMRAM    000000
__Hcinit                 cinit        000000
__Hclrtext               clrtext      000000
__Hcomram                comram       000000
__Hconfig                config       30000E
__Hconst                 const        000000
__HcstackCOMRAM          cstackCOMRAM 000000
__Hdata                  data         000000
__HdataCOMRAM            dataCOMRAM   000000
__Heeprom_data           eeprom_data  000000
__Hfarbss                farbss       000000
__Hfardata               fardata      000000
__Hibigdata              ibigdata     000000
__Hidata                 idata        000000
__HidataCOMRAM           idataCOMRAM  000000
__Hidloc                 idloc        200008
__Hifardata              ifardata     000000
__Hinit                  init         000110
__Hintcode               intcode      00010C
__Hintcode_body          intcode_body 000000
__Hintcodelo             intcodelo    00010C
__Hintentry              intentry     000000
__Hintret                intret       000000
__Hintsave_regs          intsave_regs 000000
__Hirdata                irdata       000000
__Hmediumconst           mediumconst  000000
__HnvFARRAM              nvFARRAM     000000
__Hnvbit                 nvbit        000000
__Hnvrram                nvrram       000000
__Hparam                 rparam       000000
__Hpowerup               powerup      00010C
__Hram                   ram          000000
__Hramtop                ramtop       000200
__Hrbit                  rbit         000000
__Hrbss                  rbss         000000
__Hrdata                 rdata        000000
__Hreset_vec             reset_vec    000004
__Hrparam                rparam       000000
__Hsfr                   sfr          000000
__Hsmallconst            smallconst   000000
__Hspace_0               (abs)        30000E
__Hspace_1               (abs)        000029
__Hspace_2               (abs)        000000
__Hstack                 stack        000000
__Hstruct                struct       000000
__Htemp                  temp         000029
__Htext                  text         000000
__Htext0                 text0        000000
__LRAM                   (abs)        000001
__Labs1                  abs1         000000
__Lbank0                 bank0        000000
__Lbank1                 bank1        000000
__Lbigbss                bigbss       000000
__Lbigdata               bigdata      000000
__Lbigram                bigram       000000
__Lbss                   bss          000000
__LbssCOMRAM             bssCOMRAM    000000
__Lcinit                 cinit        000000
__Lclrtext               clrtext      000000
__Lcomram                comram       000000
__Lconfig                config       300000
__Lconst                 const        000000
__LcstackCOMRAM          cstackCOMRAM 000000
__Ldata                  data         000000
__LdataCOMRAM            dataCOMRAM   000000
__Leeprom_data           eeprom_data  000000
__Lfarbss                farbss       000000
__Lfardata               fardata      000000
__Libigdata              ibigdata     000000
__Lidata                 idata        000000
__LidataCOMRAM           idataCOMRAM  000000
__Lidloc                 idloc        200000
__Lifardata              ifardata     000000
__Linit                  init         00010C
__Lintcode               intcode      000008
__Lintcode_body          intcode_body 000000
__Lintcodelo             intcodelo    00010C
__Lintentry              intentry     000000
__Lintret                intret       000000
__Lintsave_regs          intsave_regs 000000
__Lirdata                irdata       000000
__Lmediumconst           mediumconst  000000
__LnvFARRAM              nvFARRAM     000000
__Lnvbit                 nvbit        000000
__Lnvrram                nvrram       000000
__Lparam                 rparam       000000
__Lpowerup               powerup      00010C
__Lram                   ram          000000
__Lramtop                ramtop       000200
__Lrbit                  rbit         000000
__Lrbss                  rbss         000000
__Lrdata                 rdata        000000
__Lreset_vec             reset_vec    000000
__Lrparam                rparam       000000
__Lsfr                   sfr          000000
__Lsmallconst            smallconst   000000
__Lspace_0               (abs)        000000
__Lspace_1               (abs)        000000
__Lspace_2               (abs)        000000
__Lstack                 stack        000000
__Lstruct                struct       000000
__Ltemp                  temp         000028
__Ltext                  text         000000
__Ltext0                 text0        000000
__S0                     (abs)        30000E
__S1                     (abs)        000029
__S2                     (abs)        000000
___inthi_sp              stack        000000
___intlo_sp              stack        000000
___param_bank            (abs)        000000
___rparam_used           (abs)        000001
___sp                    stack        000000
__accesstop              (abs)        000060
__activetblptr           (abs)        000000
__end_of__initialization cinit        000134
__end_of_high_isr        intcode      00010C
__end_of_main            text0        000142
__initialization         cinit        000110
__mediumconst            mediumconst  000000
__pbssCOMRAM             bssCOMRAM    000018
__pcinit                 cinit        000110
__pcstackCOMRAM          cstackCOMRAM 000001
__pdataCOMRAM            dataCOMRAM   000026
__pidataCOMRAM           idataCOMRAM  00013E
__pintcode               intcode      000008
__ptext0                 text0        000140
__ramtop                 ramtop       000200
__size_of_high_isr       (abs)        000000
__size_of_main           (abs)        000000
__smallconst             smallconst   000000
_array_char              bssCOMRAM    000018
_attenuator              bssCOMRAM    000021
_end_str                 dataCOMRAM   000026
_high_isr                intcode      000008
_index_recive            bssCOMRAM    00001F
_isReciver               bssCOMRAM    000023
_main                    text0        000140
_read_en                 bssCOMRAM    00001D
_start_str               dataCOMRAM   000027
_switch_amp              bssCOMRAM    000024
_tmprecive               bssCOMRAM    000025
btemp                    temp         000028
end_of_initialization    cinit        000134
int$flags                temp         000028
intlevel0                text         000000
intlevel1                text         000000
intlevel2                text         000000
intlevel3                text         000000
stackhi                  (abs)        0001FF
stacklo                  (abs)        000060
start                    init         00010C
start_initialization     cinit        000110
wtemp6                   temp         000029


FUNCTION INFORMATION:

 *************** function _main *****************
 Defined at:
		line 119 in file "main_key.c"
 Parameters:    Size  Location     Type
  argc            2   18[COMRAM] int 
  argv            3   20[COMRAM] PTR PTR unsigned char 
 Auto vars:     Size  Location     Type
		None
 Return value:  Size  Location     Type
                  2   18[COMRAM] int 
 Registers used:
		None
 Tracked objects:
		On entry : 
		On exit  : 
		Unchanged: 
 Data sizes:     COMRAM   BANK0   BANK1
      Params:         5       0       0
      Locals:         0       0       0
      Temps:          0       0       0
      Totals:         5       0       0
Total ram usage:        5 bytes
 Hardware stack levels required when called:    1
 This function calls:
		Nothing
 This function is called by:
		Startup code after reset
 This function uses a non-reentrant model


 *************** function _high_isr *****************
 Defined at:
		line 92 in file "main_key.c"
 Parameters:    Size  Location     Type
		None
 Auto vars:     Size  Location     Type
		None
 Return value:  Size  Location     Type
                  1    wreg      void 
 Registers used:
		wreg, fsr2l, fsr2h, status,2, status,0
 Tracked objects:
		On entry : 
		On exit  : 
		Unchanged: 
 Data sizes:     COMRAM   BANK0   BANK1
      Params:         0       0       0
      Locals:         0       0       0
      Temps:         18       0       0
      Totals:        18       0       0
Total ram usage:       18 bytes
 Hardware stack levels used:    1
 This function calls:
		Nothing
 This function is called by:
		Interrupt level 2
 This function uses a non-reentrant model



MODULE INFORMATION

Module		Function		Class		Link	Load	Size
main_key.c
		_main          		CODE           	0140	0000	3
		_high_isr      		CODE           	0008	0000	261

main_key.c estimated size: 264

shared
		__initialization		CODE           	0110	0000	37

shared estimated size: 37

