Microchip MPLAB XC8 Compiler V1.45 ()

Linker command line:

--edf=C:\Program Files\Microchip\xc8\v1.45\dat\en_msgs.txt -cs \
  -h+dist/default/production\Manager_key3.X.production.sym \
  --cmf=dist/default/production\Manager_key3.X.production.cmf -z -Q18F14K22 \
  -oC:\Users\KOPRAN~1\AppData\Local\Temp\s4gs.2 \
  -Mdist/default/production/Manager_key3.X.production.map -E1 -ver=XC8 \
  -ASTACK=060h-01ffh -pstack=STACK -ACODE=00h-03FFFh -ACONST=00h-03FFFh \
  -ASMALLCONST=0200h-02FFhx62 -AMEDIUMCONST=0200h-03FFFh -ACOMRAM=01h-05Fh \
  -AABS1=00h-01FFh -ABIGRAM=01h-01FFh -ARAM=060h-0FFh,0100h-01FFh \
  -ABANK0=060h-0FFh -ABANK1=0100h-01FFh -ASFR=0F60h-0FFFh \
  -preset_vec=00h,intcode=08h,intcodelo,powerup,init -pramtop=0200h \
  -psmallconst=SMALLCONST -pmediumconst=MEDIUMCONST -pconst=CONST \
  -AFARRAM=00h-00h -ACONFIG=0300000h-030000Dh -pconfig=CONFIG \
  -AIDLOC=0200000h-0200007h -pidloc=IDLOC -AEEDATA=0F00000h-0F000FFh \
  -peeprom_data=EEDATA \
  -prdata=COMRAM,nvrram=COMRAM,nvbit=COMRAM,rbss=COMRAM,rbit=COMRAM \
  -pfarbss=FARRAM,fardata=FARRAM,nvFARRAM=FARRAM \
  -pintsave_regs=BIGRAM,bigbss=BIGRAM,bigdata=BIGRAM -pbss=RAM \
  -pidata=CODE,irdata=CODE,ibigdata=CODE,ifardata=CODE -prparam=COMRAM \
  C:\Users\KOPRAN~1\AppData\Local\Temp\s4gs.obj \
  dist/default/production\Manager_key3.X.production.obj 

Object code version is 3.11

Machine type is 18F14K22

Call graph: (short form)




                Name                               Link     Load   Length Selector   Space Scale
C:\Users\KOPRAN~1\AppData\Local\Temp\s4gs.obj
                init                                108      108        4        4       0
                reset_vec                             0        0        4        0       0
                idloc                            200000   200000        8   200000       0
                config                           300000   300000        E   300000       0
dist/default/production\Manager_key3.X.production.obj
                intcode                               8        8      100        4       0
                temp                                 39       39        1        1       1
                mediumconst                        3E8C     3E8C      174     1F46       0
                text4                               2A6      2A6        C        4       0
                text3                               236      236       3E        4       0
                text2                               1D6      1D6       60        4       0
                text1                               2B2      2B2        A        4       0
                text0                               10C      10C       CA        4       0
                cstackCOMRAM                          1        1       27        1       1
                dataCOMRAM                           37       37        2        1       1
                bssCOMRAM                            28       28        F        1       1
                cinit                               274      274       32        4       0
                idataCOMRAM                         2BC      2BC        2        4       0

TOTAL           Name                               Link     Load   Length     Space
        CLASS   STACK          

        CLASS   CODE           
                intcode                               8        8      100         0
                init                                108      108        4         0
                reset_vec                             0        0        4         0
                text4                               2A6      2A6        C         0
                text3                               236      236       3E         0
                text2                               1D6      1D6       60         0
                text1                               2B2      2B2        A         0
                text0                               10C      10C       CA         0
                cinit                               274      274       32         0
                idataCOMRAM                         2BC      2BC        2         0

        CLASS   CONST          

        CLASS   SMALLCONST     

        CLASS   MEDIUMCONST    
                mediumconst                        3E8C     3E8C      174         0

        CLASS   COMRAM         
                temp                                 39       39        1         1
                cstackCOMRAM                          1        1       27         1
                dataCOMRAM                           37       37        2         1
                bssCOMRAM                            28       28        F         1

        CLASS   ABS1           

        CLASS   BIGRAM         

        CLASS   RAM            

        CLASS   BANK0          

        CLASS   BANK1          

        CLASS   SFR            

        CLASS   FARRAM         

        CLASS   CONFIG         
                config                           300000   300000        E         0

        CLASS   IDLOC          
                idloc                            200000   200000        8         0

        CLASS   EEDATA         



SEGMENTS        Name                           Load    Length   Top    Selector   Space  Class

                reset_vec                      000000  000004  000004         0       0  CODE    
                cstackCOMRAM                   000001  000039  00003A         1       1  COMRAM  
                intcode                        000008  0002B6  0002BE         4       0  CODE    
                mediumconst                    003E8C  000174  004000      1F46       0  MEDIUMCO
                idloc                          200000  000008  200008    200000       0  IDLOC   
                config                         300000  00000E  30000E    300000       0  CONFIG  


UNUSED ADDRESS RANGES

        Name                Unused          Largest block    Delta
        BANK0            000060-0000FF               A0
        BANK1            000100-0001FF              100
        BIGRAM           00003A-0001FF              1C6
        CODE             000004-000007                4
                         0002BE-003E8B             3BCE
        COMRAM           00003A-00005F               26
        CONST            000004-000007                4
                         0002BE-003E8B             3BCE
        EEDATA           F00000-F000FF              100
        MEDIUMCONST      0002BE-003E8B             3BCE
        RAM              000060-0001FF               A0
        SFR              000F60-000FFF               A0
        SMALLCONST       0002BE-003E8B              100
        STACK            000060-0001FF              1A0

                                  Symbol Table

?_strlen                 cstackCOMRAM 000013
UART1PutChar@Ch          cstackCOMRAM 000013
UART1PutStr@i            cstackCOMRAM 00001F
UART1PutStr@size         cstackCOMRAM 00001D
UART1PutStr@str          cstackCOMRAM 000019
_ANSELHbits              (abs)        000F7F
_INTCONbits              (abs)        000FF2
_PIE1bits                (abs)        000F9D
_PIR1bits                (abs)        000F9E
_RCONbits                (abs)        000FD0
_RCREG1                  (abs)        000FAE
_RCSTAbits               (abs)        000FAB
_TRISBbits               (abs)        000F93
_TXREG1                  (abs)        000FAD
_TXSTAbits               (abs)        000FAC
_UART1PutChar            text4        0002A6
_UART1PutStr             text2        0001D6
__HRAM                   (abs)        000000
__Habs1                  abs1         000000
__Hbank0                 bank0        000000
__Hbank1                 bank1        000000
__Hbigbss                bigbss       000000
__Hbigdata               bigdata      000000
__Hbigram                bigram       000000
__Hbss                   bss          000000
__HbssCOMRAM             bssCOMRAM    000000
__Hcinit                 cinit        000000
__Hclrtext               clrtext      000000
__Hcomram                comram       000000
__Hconfig                config       30000E
__Hconst                 const        000000
__HcstackCOMRAM          cstackCOMRAM 000000
__Hdata                  data         000000
__HdataCOMRAM            dataCOMRAM   000000
__Heeprom_data           eeprom_data  000000
__Hfarbss                farbss       000000
__Hfardata               fardata      000000
__Hibigdata              ibigdata     000000
__Hidata                 idata        000000
__HidataCOMRAM           idataCOMRAM  000000
__Hidloc                 idloc        200008
__Hifardata              ifardata     000000
__Hinit                  init         00010C
__Hintcode               intcode      000108
__Hintcode_body          intcode_body 000000
__Hintcodelo             intcodelo    000108
__Hintentry              intentry     000000
__Hintret                intret       000000
__Hintsave_regs          intsave_regs 000000
__Hirdata                irdata       000000
__Hmediumconst           mediumconst  004000
__HnvFARRAM              nvFARRAM     000000
__Hnvbit                 nvbit        000000
__Hnvrram                nvrram       000000
__Hparam                 rparam       000000
__Hpowerup               powerup      000108
__Hram                   ram          000000
__Hramtop                ramtop       000200
__Hrbit                  rbit         000000
__Hrbss                  rbss         000000
__Hrdata                 rdata        000000
__Hreset_vec             reset_vec    000004
__Hrparam                rparam       000000
__Hsfr                   sfr          000000
__Hsmallconst            smallconst   000000
__Hspace_0               (abs)        30000E
__Hspace_1               (abs)        00003A
__Hspace_2               (abs)        000000
__Hstack                 stack        000000
__Hstruct                struct       000000
__Htemp                  temp         00003A
__Htext                  text         000000
__Htext0                 text0        000000
__Htext1                 text1        000000
__Htext2                 text2        000000
__Htext3                 text3        000000
__Htext4                 text4        000000
__LRAM                   (abs)        000001
__Labs1                  abs1         000000
__Lbank0                 bank0        000000
__Lbank1                 bank1        000000
__Lbigbss                bigbss       000000
__Lbigdata               bigdata      000000
__Lbigram                bigram       000000
__Lbss                   bss          000000
__LbssCOMRAM             bssCOMRAM    000000
__Lcinit                 cinit        000000
__Lclrtext               clrtext      000000
__Lcomram                comram       000000
__Lconfig                config       300000
__Lconst                 const        000000
__LcstackCOMRAM          cstackCOMRAM 000000
__Ldata                  data         000000
__LdataCOMRAM            dataCOMRAM   000000
__Leeprom_data           eeprom_data  000000
__Lfarbss                farbss       000000
__Lfardata               fardata      000000
__Libigdata              ibigdata     000000
__Lidata                 idata        000000
__LidataCOMRAM           idataCOMRAM  000000
__Lidloc                 idloc        200000
__Lifardata              ifardata     000000
__Linit                  init         000108
__Lintcode               intcode      000008
__Lintcode_body          intcode_body 000000
__Lintcodelo             intcodelo    000108
__Lintentry              intentry     000000
__Lintret                intret       000000
__Lintsave_regs          intsave_regs 000000
__Lirdata                irdata       000000
__Lmediumconst           mediumconst  003E8C
__LnvFARRAM              nvFARRAM     000000
__Lnvbit                 nvbit        000000
__Lnvrram                nvrram       000000
__Lparam                 rparam       000000
__Lpowerup               powerup      000108
__Lram                   ram          000000
__Lramtop                ramtop       000200
__Lrbit                  rbit         000000
__Lrbss                  rbss         000000
__Lrdata                 rdata        000000
__Lreset_vec             reset_vec    000000
__Lrparam                rparam       000000
__Lsfr                   sfr          000000
__Lsmallconst            smallconst   000000
__Lspace_0               (abs)        000000
__Lspace_1               (abs)        000000
__Lspace_2               (abs)        000000
__Lstack                 stack        000000
__Lstruct                struct       000000
__Ltemp                  temp         000039
__Ltext                  text         000000
__Ltext0                 text0        000000
__Ltext1                 text1        000000
__Ltext2                 text2        000000
__Ltext3                 text3        000000
__Ltext4                 text4        000000
__S0                     (abs)        30000E
__S1                     (abs)        00003A
__S2                     (abs)        000000
___inthi_sp              stack        000000
___intlo_sp              stack        000000
___param_bank            (abs)        000000
___rparam_used           (abs)        000001
___sp                    stack        000000
__accesstop              (abs)        000060
__activetblptr           (abs)        000002
__end_of_UART1PutChar    text4        0002B2
__end_of_UART1PutStr     text2        000236
__end_of__initialization cinit        000298
__end_of_high_isr        intcode      000108
__end_of_init_interrupt  text1        0002BC
__end_of_main            text0        0001D6
__end_of_strlen          text3        000274
__initialization         cinit        000274
__mediumconst            mediumconst  003E8C
__pbssCOMRAM             bssCOMRAM    000028
__pcinit                 cinit        000274
__pcstackCOMRAM          cstackCOMRAM 000001
__pdataCOMRAM            dataCOMRAM   000037
__pidataCOMRAM           idataCOMRAM  0002BC
__pintcode               intcode      000008
__pmediumconst           mediumconst  003E8C
__ptext0                 text0        00010C
__ptext1                 text1        0002B2
__ptext2                 text2        0001D6
__ptext3                 text3        000236
__ptext4                 text4        0002A6
__ramtop                 ramtop       000200
__size_of_UART1PutChar   (abs)        000000
__size_of_UART1PutStr    (abs)        000000
__size_of_high_isr       (abs)        000000
__size_of_init_interrupt (abs)        000000
__size_of_main           (abs)        000000
__size_of_strlen         (abs)        000000
__smallconst             smallconst   000000
_array_char              bssCOMRAM    000028
_attenuator              bssCOMRAM    000032
_end_str                 dataCOMRAM   000037
_high_isr                intcode      000008
_index_recive            bssCOMRAM    000030
_init_interrupt          text1        0002B2
_isReciver               bssCOMRAM    000034
_main                    text0        00010C
_read_en                 bssCOMRAM    00002E
_start_str               dataCOMRAM   000038
_strlen                  text3        000236
_switch_amp              bssCOMRAM    000035
_tmprecive               bssCOMRAM    000036
btemp                    temp         000039
end_of_initialization    cinit        000298
int$flags                temp         000039
intlevel0                text         000000
intlevel1                text         000000
intlevel2                text         000000
intlevel3                text         000000
stackhi                  (abs)        0001FF
stacklo                  (abs)        000060
start                    init         000108
start_initialization     cinit        000274
strlen@cp                cstackCOMRAM 000017
strlen@s                 cstackCOMRAM 000013
wtemp6                   temp         00003A


FUNCTION INFORMATION:

 *************** function _main *****************
 Defined at:
		line 56 in file "main_key.c"
 Parameters:    Size  Location     Type
  argc            2   32[COMRAM] int 
  argv            3   34[COMRAM] PTR PTR unsigned char 
 Auto vars:     Size  Location     Type
		None
 Return value:  Size  Location     Type
                  2   32[COMRAM] int 
 Registers used:
		wreg, status,2, status,0, tblptrl, tblptrh, tblptru, prodl, prodh, cstack
 Tracked objects:
		On entry : 
		On exit  : 
		Unchanged: 
 Data sizes:     COMRAM   BANK0   BANK1
      Params:         5       0       0
      Locals:         0       0       0
      Temps:          2       0       0
      Totals:         7       0       0
Total ram usage:        7 bytes
 Hardware stack levels required when called:    3
 This function calls:
		_UART1PutStr
		_init_interrupt
 This function is called by:
		Startup code after reset
 This function uses a non-reentrant model


 *************** function _init_interrupt *****************
 Defined at:
		line 93 in file "main_key.c"
 Parameters:    Size  Location     Type
		None
 Auto vars:     Size  Location     Type
		None
 Return value:  Size  Location     Type
                  1    wreg      void 
 Registers used:
		None
 Tracked objects:
		On entry : 
		On exit  : 
		Unchanged: 
 Data sizes:     COMRAM   BANK0   BANK1
      Params:         0       0       0
      Locals:         0       0       0
      Temps:          0       0       0
      Totals:         0       0       0
Total ram usage:        0 bytes
 Hardware stack levels used:    1
 Hardware stack levels required when called:    1
 This function calls:
		Nothing
 This function is called by:
		_main
 This function uses a non-reentrant model


 *************** function _UART1PutStr *****************
 Defined at:
		line 43 in file "euart.c"
 Parameters:    Size  Location     Type
  str             2   24[COMRAM] PTR unsigned char 
		 -> STR_8(59), STR_7(7), STR_6(8), STR_5(187), 
		 -> STR_4(27), STR_3(17), STR_2(33), STR_1(32), 
 Auto vars:     Size  Location     Type
  i               2   30[COMRAM] int 
  size            2   28[COMRAM] int 
 Return value:  Size  Location     Type
                  1    wreg      void 
 Registers used:
		wreg, status,2, status,0, tblptrl, tblptrh, tblptru, cstack
 Tracked objects:
		On entry : 
		On exit  : 
		Unchanged: 
 Data sizes:     COMRAM   BANK0   BANK1
      Params:         2       0       0
      Locals:         4       0       0
      Temps:          2       0       0
      Totals:         8       0       0
Total ram usage:        8 bytes
 Hardware stack levels used:    1
 Hardware stack levels required when called:    2
 This function calls:
		_UART1PutChar
		_strlen
 This function is called by:
		_main
 This function uses a non-reentrant model


 *************** function _strlen *****************
 Defined at:
		line 4 in file "C:\Program Files\Microchip\xc8\v1.45\sources\common\strlen.c"
 Parameters:    Size  Location     Type
  s               2   18[COMRAM] PTR const unsigned char 
		 -> STR_8(59), STR_7(7), STR_6(8), STR_5(187), 
		 -> STR_4(27), STR_3(17), STR_2(33), STR_1(32), 
 Auto vars:     Size  Location     Type
  cp              2   22[COMRAM] PTR const unsigned char 
		 -> STR_8(59), STR_7(7), STR_6(8), STR_5(187), 
		 -> STR_4(27), STR_3(17), STR_2(33), STR_1(32), 
 Return value:  Size  Location     Type
                  2   18[COMRAM] unsigned int 
 Registers used:
		wreg, status,2, status,0, tblptrl, tblptrh, tblptru
 Tracked objects:
		On entry : 
		On exit  : 
		Unchanged: 
 Data sizes:     COMRAM   BANK0   BANK1
      Params:         2       0       0
      Locals:         2       0       0
      Temps:          2       0       0
      Totals:         6       0       0
Total ram usage:        6 bytes
 Hardware stack levels used:    1
 Hardware stack levels required when called:    1
 This function calls:
		Nothing
 This function is called by:
		_UART1PutStr
 This function uses a non-reentrant model


 *************** function _UART1PutChar *****************
 Defined at:
		line 36 in file "euart.c"
 Parameters:    Size  Location     Type
  Ch              1    wreg     unsigned char 
 Auto vars:     Size  Location     Type
  Ch              1   18[COMRAM] unsigned char 
 Return value:  Size  Location     Type
                  1    wreg      void 
 Registers used:
		wreg
 Tracked objects:
		On entry : 
		On exit  : 
		Unchanged: 
 Data sizes:     COMRAM   BANK0   BANK1
      Params:         0       0       0
      Locals:         1       0       0
      Temps:          0       0       0
      Totals:         1       0       0
Total ram usage:        1 bytes
 Hardware stack levels used:    1
 Hardware stack levels required when called:    1
 This function calls:
		Nothing
 This function is called by:
		_UART1PutStr
 This function uses a non-reentrant model


 *************** function _high_isr *****************
 Defined at:
		line 32 in file "main_key.c"
 Parameters:    Size  Location     Type
		None
 Auto vars:     Size  Location     Type
		None
 Return value:  Size  Location     Type
                  1    wreg      void 
 Registers used:
		wreg, fsr2l, fsr2h, status,2, status,0
 Tracked objects:
		On entry : 
		On exit  : 
		Unchanged: 
 Data sizes:     COMRAM   BANK0   BANK1
      Params:         0       0       0
      Locals:         0       0       0
      Temps:         18       0       0
      Totals:        18       0       0
Total ram usage:       18 bytes
 Hardware stack levels used:    1
 This function calls:
		Nothing
 This function is called by:
		Interrupt level 2
 This function uses a non-reentrant model



MODULE INFORMATION

Module		Function		Class		Link	Load	Size
main_key.c
		_main          		CODE           	010C	0000	203
		_high_isr      		CODE           	0008	0000	257
		_init_interrupt		CODE           	02B2	0000	11

main_key.c estimated size: 471

euart.c
		_UART1PutStr   		CODE           	01D6	0000	97
		_UART1PutChar  		CODE           	02A6	0000	13

euart.c estimated size: 110

C:\Program Files\Microchip\xc8\v1.45\sources\common\strlen.c
		_strlen        		CODE           	0236	0000	63

C:\Program Files\Microchip\xc8\v1.45\sources\common\strlen.c estimated size: 63

shared
		__initialization		CODE           	0274	0000	37

shared estimated size: 37

